../Drivers/CMSIS/Include/core_cm4.h:1933:34:__NVIC_SystemReset	4	static,ignoring_inline_asm
../Core/Src/main.c:64:5:lectura_columnas	8	static
../Core/Src/main.c:77:6:write_num_display_dec	16	static
../Core/Src/main.c:177:5:write_num_display	24	static
../Core/Src/main.c:344:5:write_Display	24	static
../Core/Src/main.c:376:5:count_digits	24	static
../Core/Src/main.c:393:5:main	248	static
../Core/Src/main.c:734:7:SystemClock_Config	96	static
../Core/Src/main.c:782:14:MX_USART2_UART_Init	8	static
../Core/Src/main.c:815:14:MX_GPIO_Init	48	static
../Core/Src/main.c:901:7:Error_Handler	4	static,ignoring_inline_asm
